REUSE build pad0/base-a 1958ab13751b
REUSE build pad0/candidate-a a5e3742cf85f
REUSE build pad0/candidate-b 685e3d397053
REUSE build pad0/base-b 9a2344ab3c34
REUSE build pad1/candidate-a cd4f59610a14
REUSE build pad1/base-a 9455c1b9c87a
REUSE build pad1/base-b 880dd0e859ec
REUSE build pad1/candidate-b 7e8f897a524a
REUSE build pad3/base-a 4fc30b6a33a1
REUSE build pad3/candidate-a 44eadb89989c
REUSE build pad3/candidate-b cfe8a97a1aea
REUSE build pad3/base-b 5b372f02d39f
REUSE build pad7/candidate-a 7965e9265968
REUSE build pad7/base-a 09074d0aed4f
REUSE build pad7/base-b e1ea2064bb82
REUSE build pad7/candidate-b 17c301f2e884
REUSE build pad15/base-a a0d3467014c6
BUILD pad15/candidate-a cold local+global
DONE  pad15/candidate-a 40414d2d6b29 96.0s
BUILD pad15/candidate-b cold local+global
DONE  pad15/candidate-b c78eccdbfd20 94.5s
BUILD pad15/base-b cold local+global
DONE  pad15/base-b 08391857c3f8 95.8s
BUILD pad31/candidate-a cold local+global
DONE  pad31/candidate-a d759104ba19c 101.3s
BUILD pad31/base-a cold local+global
DONE  pad31/base-a 3622201e795f 101.0s
BUILD pad31/base-b cold local+global
DONE  pad31/base-b 901610873f5f 100.9s
BUILD pad31/candidate-b cold local+global
DONE  pad31/candidate-b a07f73331713 98.7s
BUILD pad63/base-a cold local+global
DONE  pad63/base-a c5bd2243c738 96.0s
BUILD pad63/candidate-a cold local+global
DONE  pad63/candidate-a 76a5adc72f82 96.4s
BUILD pad63/candidate-b cold local+global
DONE  pad63/candidate-b 68f6124e83ab 95.2s
BUILD pad63/base-b cold local+global
DONE  pad63/base-b 08d985e1ce48 94.6s
MEASURE pad0/base-a_cand-a ABBA2
DONE    pad0/base-a_cand-a 336.3s
MEASURE pad0/base-b_cand-a ABBA2
DONE    pad0/base-b_cand-a 334.5s
MEASURE pad0/base-b_cand-b ABBA2
DONE    pad0/base-b_cand-b 335.2s
MEASURE pad0/base-a_cand-b ABBA2
DONE    pad0/base-a_cand-b 336.2s
MEASURE pad1/base-a_cand-b ABBA2
