reuse 4 / pending 24 / cores [6, 7, 8, 9, 15, 16, 17, 19]
MEASURE pad1/base-a_cand-b cpu=6 ABBA2
MEASURE pad1/base-b_cand-b cpu=7 ABBA2
MEASURE pad1/base-b_cand-a cpu=8 ABBA2
MEASURE pad1/base-a_cand-a cpu=9 ABBA2
MEASURE pad3/base-a_cand-a cpu=15 ABBA2
MEASURE pad3/base-b_cand-a cpu=16 ABBA2
MEASURE pad3/base-b_cand-b cpu=17 ABBA2
MEASURE pad3/base-a_cand-b cpu=19 ABBA2
DONE    pad1/base-b_cand-a cpu=8 340.6s geomean=1.014672
MEASURE pad7/base-a_cand-b cpu=8 ABBA2
DONE    pad1/base-a_cand-b cpu=6 341.5s geomean=1.012722
MEASURE pad7/base-b_cand-b cpu=6 ABBA2
DONE    pad3/base-a_cand-b cpu=19 341.5s geomean=1.013798
MEASURE pad7/base-b_cand-a cpu=19 ABBA2
DONE    pad1/base-b_cand-b cpu=7 341.7s geomean=1.014724
MEASURE pad7/base-a_cand-a cpu=7 ABBA2
DONE    pad3/base-b_cand-a cpu=16 342.5s geomean=1.013662
MEASURE pad15/base-a_cand-a cpu=16 ABBA2
DONE    pad1/base-a_cand-a cpu=9 342.8s geomean=1.013423
MEASURE pad15/base-b_cand-a cpu=9 ABBA2
DONE    pad3/base-b_cand-b cpu=17 342.9s geomean=1.012010
MEASURE pad15/base-b_cand-b cpu=17 ABBA2
DONE    pad3/base-a_cand-a cpu=15 342.9s geomean=1.012521
MEASURE pad15/base-a_cand-b cpu=15 ABBA2
DONE    pad7/base-a_cand-b cpu=8 341.8s geomean=1.013559
MEASURE pad31/base-a_cand-b cpu=8 ABBA2
DONE    pad7/base-b_cand-a cpu=19 341.3s geomean=1.014252
MEASURE pad31/base-b_cand-b cpu=19 ABBA2
DONE    pad7/base-a_cand-a cpu=7 341.6s geomean=1.013460
MEASURE pad31/base-b_cand-a cpu=7 ABBA2
DONE    pad15/base-b_cand-a cpu=9 342.4s geomean=1.012243
MEASURE pad31/base-a_cand-a cpu=9 ABBA2
DONE    pad7/base-b_cand-b cpu=6 343.9s geomean=1.015200
MEASURE pad63/base-a_cand-a cpu=6 ABBA2
DONE    pad15/base-b_cand-b cpu=17 342.6s geomean=1.012122
MEASURE pad63/base-b_cand-a cpu=17 ABBA2
DONE    pad15/base-a_cand-a cpu=16 343.0s geomean=1.014778
MEASURE pad63/base-b_cand-b cpu=16 ABBA2
DONE    pad15/base-a_cand-b cpu=15 343.5s geomean=1.013979
MEASURE pad63/base-a_cand-b cpu=15 ABBA2
DONE    pad31/base-a_cand-b cpu=8 342.6s geomean=1.014397
DONE    pad31/base-b_cand-a cpu=7 341.8s geomean=1.009785
DONE    pad31/base-b_cand-b cpu=19 342.3s geomean=1.013343
DONE    pad63/base-a_cand-a cpu=6 341.6s geomean=1.009839
DONE    pad31/base-a_cand-a cpu=9 342.2s geomean=1.017742
DONE    pad63/base-b_cand-b cpu=16 342.1s geomean=1.009779
DONE    pad63/base-b_cand-a cpu=17 342.7s geomean=1.012150
DONE    pad63/base-a_cand-b cpu=15 343.0s geomean=1.011001
LINEAGE pad=0  paired-median=+1.6542 log-pp ratio-medians=+1.5894 log-pp
LINEAGE pad=1  paired-median=+1.4386 log-pp ratio-medians=+1.3679 log-pp
LINEAGE pad=3  paired-median=+1.3270 log-pp ratio-medians=+1.3086 log-pp
LINEAGE pad=7  paired-median=+1.3838 log-pp ratio-medians=+1.3053 log-pp
LINEAGE pad=15 paired-median=+1.3573 log-pp ratio-medians=+1.3755 log-pp
LINEAGE pad=31 paired-median=+1.4348 log-pp ratio-medians=+1.3000 log-pp
LINEAGE pad=63 paired-median=+1.0704 log-pp ratio-medians=+1.0164 log-pp
{
  "lineageMadLogPercentagePoints": 0.05472758422174406,
  "mdeLogPercentagePoints": 0.278,
  "medianEffectLogPercentagePoints": 1.3838320681109701,
  "observedRobustSigmaLogPercentagePoints": 0.08113911636715775,
  "ordinaryMedianFactor": 1.0139345134440185,
  "passesEffectGate": true,
  "passesWorstPadGate": true,
  "signalOverMde": 4.977813194643777,
  "tauLogPercentagePoints": 0.045478878222634904,
  "verdict": "PASS",
  "withinLineageRobustSigmaLogPercentagePoints": 0.190057419543756,
  "worstPadEffectLogPercentagePoints": 1.0704170430661228
}
