VERIFY-MINOR condemned-but-reachable source=conservative_only kind=object class=2 payload=none
VERIFY-MINOR 1 of 15430 condemned objects are reachable by a full trace (0 precise, 1 conservative-only)
VERIFY-MINOR condemned-but-reachable source=conservative_only kind=object class=2 payload=none
VERIFY-MINOR condemned-but-reachable source=conservative_only kind=object class=1 payload=none
VERIFY-MINOR 2 of 16166 condemned objects are reachable by a full trace (0 precise, 2 conservative-only)
VERIFY-MINOR condemned-but-reachable source=conservative_only kind=object class=10 payload=object_data
VERIFY-MINOR 1 of 16396 condemned objects are reachable by a full trace (0 precise, 1 conservative-only)
VERIFY-MINOR condemned-but-reachable source=conservative_only kind=object class=2 payload=none
VERIFY-MINOR 1 of 16170 condemned objects are reachable by a full trace (0 precise, 1 conservative-only)
VERIFY-MINOR condemned-but-reachable source=conservative_only kind=object class=10 payload=object_data
VERIFY-MINOR 1 of 15812 condemned objects are reachable by a full trace (0 precise, 1 conservative-only)
VERIFY-MINOR condemned-but-reachable source=conservative_only kind=object class=1 payload=none
VERIFY-MINOR condemned-but-reachable source=conservative_only kind=object class=2 payload=none
VERIFY-MINOR 2 of 15005 condemned objects are reachable by a full trace (0 precise, 2 conservative-only)
VERIFY-MINOR condemned-but-reachable source=conservative_only kind=object class=2 payload=none
VERIFY-MINOR 1 of 16176 condemned objects are reachable by a full trace (0 precise, 1 conservative-only)
VERIFY-MINOR condemned-but-reachable source=conservative_only kind=object class=2 payload=none
VERIFY-MINOR 1 of 16001 condemned objects are reachable by a full trace (0 precise, 1 conservative-only)
VERIFY-MINOR condemned-but-reachable source=conservative_only kind=object class=2 payload=none
VERIFY-MINOR 1 of 15983 condemned objects are reachable by a full trace (0 precise, 1 conservative-only)
VERIFY-MINOR condemned-but-reachable source=conservative_only kind=object class=10 payload=object_data
VERIFY-MINOR 1 of 16243 condemned objects are reachable by a full trace (0 precise, 1 conservative-only)
VERIFY-MINOR condemned-but-reachable source=conservative_only kind=object class=2 payload=none
VERIFY-MINOR condemned-but-reachable source=conservative_only kind=object class=1 payload=none
VERIFY-MINOR 2 of 15364 condemned objects are reachable by a full trace (0 precise, 2 conservative-only)
VERIFY-MINOR condemned-but-reachable source=conservative_only kind=object class=1 payload=none
VERIFY-MINOR condemned-but-reachable source=conservative_only kind=object class=2 payload=none
VERIFY-MINOR 2 of 15522 condemned objects are reachable by a full trace (0 precise, 2 conservative-only)
VERIFY-MINOR condemned-but-reachable source=conservative_only kind=object class=2 payload=none
VERIFY-MINOR 1 of 16398 condemned objects are reachable by a full trace (0 precise, 1 conservative-only)
VERIFY-MINOR condemned-but-reachable source=conservative_only kind=object class=2 payload=none
VERIFY-MINOR 1 of 15430 condemned objects are reachable by a full trace (0 precise, 1 conservative-only)
VERIFY-MINOR condemned-but-reachable source=conservative_only kind=object class=2 payload=none
VERIFY-MINOR 1 of 16176 condemned objects are reachable by a full trace (0 precise, 1 conservative-only)
VERIFY-MINOR condemned-but-reachable source=conservative_only kind=object class=2 payload=none
VERIFY-MINOR 1 of 15335 condemned objects are reachable by a full trace (0 precise, 1 conservative-only)
VERIFY-MINOR condemned-but-reachable source=conservative_only kind=object class=2 payload=none
VERIFY-MINOR 1 of 15997 condemned objects are reachable by a full trace (0 precise, 1 conservative-only)
VERIFY-MINOR condemned-but-reachable source=conservative_only kind=object class=10 payload=object_data
VERIFY-MINOR 1 of 16187 condemned objects are reachable by a full trace (0 precise, 1 conservative-only)
VERIFY-MINOR condemned-but-reachable source=conservative_only kind=object class=2 payload=none
VERIFY-MINOR 1 of 16218 condemned objects are reachable by a full trace (0 precise, 1 conservative-only)
VERIFY-MINOR condemned-but-reachable source=conservative_only kind=object class=2 payload=none
VERIFY-MINOR 1 of 15995 condemned objects are reachable by a full trace (0 precise, 1 conservative-only)
VERIFY-MINOR condemned-but-reachable source=conservative_only kind=object class=2 payload=none
VERIFY-MINOR condemned-but-reachable source=conservative_only kind=object class=1 payload=none
VERIFY-MINOR condemned-but-reachable source=conservative_only kind=object class=1 payload=none
VERIFY-MINOR 3 of 15374 condemned objects are reachable by a full trace (0 precise, 3 conservative-only)
VERIFY-MINOR condemned-but-reachable source=conservative_only kind=object class=2 payload=none
VERIFY-MINOR 1 of 16007 condemned objects are reachable by a full trace (0 precise, 1 conservative-only)
VERIFY-MINOR condemned-but-reachable source=conservative_only kind=object class=2 payload=none
VERIFY-MINOR 1 of 15426 condemned objects are reachable by a full trace (0 precise, 1 conservative-only)
VERIFY-MINOR condemned-but-reachable source=conservative_only kind=object class=10 payload=object_data
VERIFY-MINOR 1 of 16161 condemned objects are reachable by a full trace (0 precise, 1 conservative-only)
VERIFY-MINOR condemned-but-reachable source=conservative_only kind=object class=10 payload=object_data
VERIFY-MINOR 1 of 15431 condemned objects are reachable by a full trace (0 precise, 1 conservative-only)
VERIFY-MINOR condemned-but-reachable source=conservative_only kind=object class=1 payload=none
VERIFY-MINOR condemned-but-reachable source=conservative_only kind=object class=2 payload=none
VERIFY-MINOR 2 of 15817 condemned objects are reachable by a full trace (0 precise, 2 conservative-only)
VERIFY-MINOR condemned-but-reachable source=conservative_only kind=object class=1 payload=none
VERIFY-MINOR 1 of 16695 condemned objects are reachable by a full trace (0 precise, 1 conservative-only)
VERIFY-MINOR condemned-but-reachable source=conservative_only kind=object class=1 payload=none
VERIFY-MINOR condemned-but-reachable source=conservative_only kind=object class=2 payload=none
VERIFY-MINOR 2 of 15809 condemned objects are reachable by a full trace (0 precise, 2 conservative-only)
VERIFY-MINOR condemned-but-reachable source=conservative_only kind=object class=2 payload=none
VERIFY-MINOR condemned-but-reachable source=conservative_only kind=object class=1 payload=none
VERIFY-MINOR 2 of 15430 condemned objects are reachable by a full trace (0 precise, 2 conservative-only)
VERIFY-MINOR condemned-but-reachable source=conservative_only kind=object class=2 payload=none
VERIFY-MINOR condemned-but-reachable source=conservative_only kind=object class=1 payload=none
VERIFY-MINOR 2 of 16251 condemned objects are reachable by a full trace (0 precise, 2 conservative-only)
VERIFY-MINOR condemned-but-reachable source=conservative_only kind=object class=2 payload=none
VERIFY-MINOR condemned-but-reachable source=conservative_only kind=object class=1 payload=none
VERIFY-MINOR 2 of 15370 condemned objects are reachable by a full trace (0 precise, 2 conservative-only)
VERIFY-MINOR condemned-but-reachable source=conservative_only kind=object class=2 payload=none
VERIFY-MINOR 1 of 16005 condemned objects are reachable by a full trace (0 precise, 1 conservative-only)
VERIFY-MINOR condemned-but-reachable source=conservative_only kind=object class=10 payload=object_data
VERIFY-MINOR 1 of 15386 condemned objects are reachable by a full trace (0 precise, 1 conservative-only)
VERIFY-MINOR condemned-but-reachable source=conservative_only kind=object class=2 payload=none
VERIFY-MINOR 1 of 16019 condemned objects are reachable by a full trace (0 precise, 1 conservative-only)
VERIFY-MINOR condemned-but-reachable source=conservative_only kind=object class=2 payload=none
VERIFY-MINOR condemned-but-reachable source=conservative_only kind=object class=1 payload=none
VERIFY-MINOR 2 of 15399 condemned objects are reachable by a full trace (0 precise, 2 conservative-only)
VERIFY-MINOR condemned-but-reachable source=conservative_only kind=object class=10 payload=object_data
VERIFY-MINOR 1 of 15821 condemned objects are reachable by a full trace (0 precise, 1 conservative-only)
VERIFY-MINOR condemned-but-reachable source=conservative_only kind=object class=10 payload=object_data
VERIFY-MINOR 1 of 15430 condemned objects are reachable by a full trace (0 precise, 1 conservative-only)
VERIFY-MINOR condemned-but-reachable source=conservative_only kind=object class=10 payload=object_data
VERIFY-MINOR 1 of 16165 condemned objects are reachable by a full trace (0 precise, 1 conservative-only)
VERIFY-MINOR condemned-but-reachable source=conservative_only kind=object class=10 payload=object_data
VERIFY-MINOR 1 of 15993 condemned objects are reachable by a full trace (0 precise, 1 conservative-only)
VERIFY-MINOR condemned-but-reachable source=conservative_only kind=object class=2 payload=none
VERIFY-MINOR 1 of 16178 condemned objects are reachable by a full trace (0 precise, 1 conservative-only)
VERIFY-MINOR condemned-but-reachable source=conservative_only kind=object class=1 payload=none
VERIFY-MINOR 1 of 15337 condemned objects are reachable by a full trace (0 precise, 1 conservative-only)
VERIFY-MINOR condemned-but-reachable source=conservative_only kind=object class=2 payload=none
VERIFY-MINOR 1 of 16253 condemned objects are reachable by a full trace (0 precise, 1 conservative-only)
VERIFY-MINOR condemned-but-reachable source=conservative_only kind=object class=2 payload=none
VERIFY-MINOR condemned-but-reachable source=conservative_only kind=object class=1 payload=none
VERIFY-MINOR 2 of 16400 condemned objects are reachable by a full trace (0 precise, 2 conservative-only)
VERIFY-MINOR condemned-but-reachable source=conservative_only kind=object class=1 payload=none
VERIFY-MINOR 1 of 15429 condemned objects are reachable by a full trace (0 precise, 1 conservative-only)
VERIFY-MINOR condemned-but-reachable source=conservative_only kind=object class=10 payload=object_data
VERIFY-MINOR 1 of 15993 condemned objects are reachable by a full trace (0 precise, 1 conservative-only)
VERIFY-MINOR condemned-but-reachable source=conservative_only kind=object class=2 payload=none
VERIFY-MINOR 1 of 16213 condemned objects are reachable by a full trace (0 precise, 1 conservative-only)
VERIFY-MINOR condemned-but-reachable source=conservative_only kind=object class=2 payload=none
VERIFY-MINOR 1 of 16001 condemned objects are reachable by a full trace (0 precise, 1 conservative-only)
VERIFY-MINOR condemned-but-reachable source=conservative_only kind=object class=1 payload=none
VERIFY-MINOR condemned-but-reachable source=conservative_only kind=object class=2 payload=none
VERIFY-MINOR 2 of 16227 condemned objects are reachable by a full trace (0 precise, 2 conservative-only)
VERIFY-MINOR condemned-but-reachable source=conservative_only kind=object class=10 payload=object_data
VERIFY-MINOR 1 of 15412 condemned objects are reachable by a full trace (0 precise, 1 conservative-only)
VERIFY-MINOR condemned-but-reachable source=conservative_only kind=object class=2 payload=none
VERIFY-MINOR 1 of 16173 condemned objects are reachable by a full trace (0 precise, 1 conservative-only)
VERIFY-MINOR condemned-but-reachable source=conservative_only kind=object class=10 payload=object_data
VERIFY-MINOR 1 of 15426 condemned objects are reachable by a full trace (0 precise, 1 conservative-only)
VERIFY-MINOR condemned-but-reachable source=conservative_only kind=object class=10 payload=object_data
VERIFY-MINOR 1 of 16165 condemned objects are reachable by a full trace (0 precise, 1 conservative-only)
VERIFY-STICKY condemned-but-reachable scope=full source=conservative_only kind=object
VERIFY-STICKY scope=full: 0 precise, 1 conservative-only condemned-but-reachable
VERIFY-MINOR condemned-but-reachable source=conservative_only kind=object class=2 payload=none
VERIFY-MINOR 1 of 16168 condemned objects are reachable by a full trace (0 precise, 1 conservative-only)
VERIFY-MINOR condemned-but-reachable source=conservative_only kind=object class=10 payload=object_data
VERIFY-MINOR 1 of 15431 condemned objects are reachable by a full trace (0 precise, 1 conservative-only)
VERIFY-MINOR condemned-but-reachable source=conservative_only kind=object class=2 payload=none
VERIFY-MINOR 1 of 16172 condemned objects are reachable by a full trace (0 precise, 1 conservative-only)
VERIFY-MINOR condemned-but-reachable source=conservative_only kind=object class=10 payload=object_data
VERIFY-MINOR 1 of 15431 condemned objects are reachable by a full trace (0 precise, 1 conservative-only)
VERIFY-MINOR condemned-but-reachable source=conservative_only kind=object class=2 payload=none
VERIFY-MINOR condemned-but-reachable source=conservative_only kind=object class=1 payload=none
VERIFY-MINOR condemned-but-reachable source=conservative_only kind=object class=2 payload=none
VERIFY-MINOR 3 of 15983 condemned objects are reachable by a full trace (0 precise, 3 conservative-only)
VERIFY-MINOR condemned-but-reachable source=conservative_only kind=object class=2 payload=none
VERIFY-MINOR 1 of 16215 condemned objects are reachable by a full trace (0 precise, 1 conservative-only)
VERIFY-MINOR condemned-but-reachable source=conservative_only kind=object class=2 payload=none
VERIFY-MINOR condemned-but-reachable source=conservative_only kind=object class=1 payload=none
VERIFY-MINOR condemned-but-reachable source=conservative_only kind=object class=2 payload=none
VERIFY-MINOR 3 of 16011 condemned objects are reachable by a full trace (0 precise, 3 conservative-only)
VERIFY-MINOR condemned-but-reachable source=conservative_only kind=object class=10 payload=object_data
VERIFY-MINOR 1 of 16198 condemned objects are reachable by a full trace (0 precise, 1 conservative-only)
VERIFY-MINOR condemned-but-reachable source=conservative_only kind=object class=2 payload=none
VERIFY-MINOR condemned-but-reachable source=conservative_only kind=object class=1 payload=none
VERIFY-MINOR 2 of 16463 condemned objects are reachable by a full trace (0 precise, 2 conservative-only)
VERIFY-MINOR condemned-but-reachable source=conservative_only kind=object class=10 payload=object_data
VERIFY-MINOR 1 of 16035 condemned objects are reachable by a full trace (0 precise, 1 conservative-only)
VERIFY-MINOR condemned-but-reachable source=conservative_only kind=object class=2 payload=none
VERIFY-MINOR 1 of 16185 condemned objects are reachable by a full trace (0 precise, 1 conservative-only)
VERIFY-MINOR condemned-but-reachable source=conservative_only kind=object class=2 payload=none
VERIFY-MINOR 1 of 16163 condemned objects are reachable by a full trace (0 precise, 1 conservative-only)
VERIFY-MINOR condemned-but-reachable source=conservative_only kind=object class=2 payload=none
VERIFY-MINOR 1 of 15428 condemned objects are reachable by a full trace (0 precise, 1 conservative-only)
VERIFY-MINOR condemned-but-reachable source=conservative_only kind=object class=2 payload=none
VERIFY-MINOR 1 of 16166 condemned objects are reachable by a full trace (0 precise, 1 conservative-only)
VERIFY-MINOR condemned-but-reachable source=conservative_only kind=object class=10 payload=object_data
VERIFY-MINOR 1 of 16399 condemned objects are reachable by a full trace (0 precise, 1 conservative-only)
VERIFY-MINOR condemned-but-reachable source=conservative_only kind=object class=2 payload=none
VERIFY-MINOR 1 of 16172 condemned objects are reachable by a full trace (0 precise, 1 conservative-only)
VERIFY-MINOR condemned-but-reachable source=conservative_only kind=object class=2 payload=none
VERIFY-MINOR 1 of 16176 condemned objects are reachable by a full trace (0 precise, 1 conservative-only)
VERIFY-MINOR condemned-but-reachable source=conservative_only kind=object class=1 payload=none
VERIFY-MINOR condemned-but-reachable source=conservative_only kind=object class=2 payload=none
VERIFY-MINOR condemned-but-reachable source=conservative_only kind=object class=2 payload=none
VERIFY-MINOR 3 of 15400 condemned objects are reachable by a full trace (0 precise, 3 conservative-only)
VERIFY-MINOR condemned-but-reachable source=conservative_only kind=object class=2 payload=none
VERIFY-MINOR 1 of 16011 condemned objects are reachable by a full trace (0 precise, 1 conservative-only)
VERIFY-MINOR condemned-but-reachable source=conservative_only kind=object class=10 payload=object_data
VERIFY-MINOR 1 of 16188 condemned objects are reachable by a full trace (0 precise, 1 conservative-only)
VERIFY-MINOR condemned-but-reachable source=conservative_only kind=object class=10 payload=object_data
VERIFY-MINOR 1 of 16049 condemned objects are reachable by a full trace (0 precise, 1 conservative-only)
VERIFY-MINOR condemned-but-reachable source=conservative_only kind=object class=10 payload=object_data
VERIFY-MINOR 1 of 15428 condemned objects are reachable by a full trace (0 precise, 1 conservative-only)
VERIFY-MINOR condemned-but-reachable source=conservative_only kind=object class=1 payload=none
VERIFY-MINOR condemned-but-reachable source=conservative_only kind=object class=2 payload=none
VERIFY-MINOR 2 of 16168 condemned objects are reachable by a full trace (0 precise, 2 conservative-only)
VERIFY-MINOR condemned-but-reachable source=conservative_only kind=object class=10 payload=object_data
VERIFY-MINOR 1 of 16397 condemned objects are reachable by a full trace (0 precise, 1 conservative-only)
VERIFY-MINOR condemned-but-reachable source=conservative_only kind=object class=2 payload=none
VERIFY-MINOR condemned-but-reachable source=conservative_only kind=object class=1 payload=none
VERIFY-MINOR 2 of 15372 condemned objects are reachable by a full trace (0 precise, 2 conservative-only)
VERIFY-MINOR condemned-but-reachable source=conservative_only kind=object class=2 payload=none
VERIFY-MINOR condemned-but-reachable source=conservative_only kind=object class=1 payload=none
VERIFY-MINOR condemned-but-reachable source=conservative_only kind=object class=2 payload=none
VERIFY-MINOR 3 of 16009 condemned objects are reachable by a full trace (0 precise, 3 conservative-only)
VERIFY-MINOR condemned-but-reachable source=conservative_only kind=object class=10 payload=object_data
VERIFY-MINOR 1 of 16191 condemned objects are reachable by a full trace (0 precise, 1 conservative-only)
VERIFY-MINOR condemned-but-reachable source=conservative_only kind=object class=2 payload=none
VERIFY-MINOR 1 of 16021 condemned objects are reachable by a full trace (0 precise, 1 conservative-only)
VERIFY-MINOR condemned-but-reachable source=conservative_only kind=object class=1 payload=none
VERIFY-MINOR condemned-but-reachable source=conservative_only kind=object class=2 payload=none
VERIFY-MINOR 2 of 16203 condemned objects are reachable by a full trace (0 precise, 2 conservative-only)
VERIFY-MINOR condemned-but-reachable source=conservative_only kind=object class=1 payload=none
VERIFY-MINOR condemned-but-reachable source=conservative_only kind=object class=2 payload=none
VERIFY-MINOR 2 of 16045 condemned objects are reachable by a full trace (0 precise, 2 conservative-only)
VERIFY-MINOR condemned-but-reachable source=conservative_only kind=object class=2 payload=none
VERIFY-MINOR 1 of 15426 condemned objects are reachable by a full trace (0 precise, 1 conservative-only)
VERIFY-MINOR condemned-but-reachable source=conservative_only kind=object class=2 payload=none
VERIFY-MINOR 1 of 15424 condemned objects are reachable by a full trace (0 precise, 1 conservative-only)
VERIFY-MINOR condemned-but-reachable source=conservative_only kind=object class=2 payload=none
VERIFY-MINOR condemned-but-reachable source=conservative_only kind=object class=1 payload=none
VERIFY-MINOR 2 of 15430 condemned objects are reachable by a full trace (0 precise, 2 conservative-only)
VERIFY-MINOR condemned-but-reachable source=conservative_only kind=object class=2 payload=none
VERIFY-MINOR 1 of 16400 condemned objects are reachable by a full trace (0 precise, 1 conservative-only)
VERIFY-MINOR condemned-but-reachable source=conservative_only kind=object class=10 payload=object_data
VERIFY-MINOR 1 of 16169 condemned objects are reachable by a full trace (0 precise, 1 conservative-only)
VERIFY-MINOR condemned-but-reachable source=conservative_only kind=object class=2 payload=none
VERIFY-MINOR 1 of 16397 condemned objects are reachable by a full trace (0 precise, 1 conservative-only)
VERIFY-MINOR condemned-but-reachable source=conservative_only kind=object class=2 payload=none
VERIFY-MINOR 1 of 15430 condemned objects are reachable by a full trace (0 precise, 1 conservative-only)
VERIFY-MINOR condemned-but-reachable source=conservative_only kind=object class=1 payload=none
VERIFY-MINOR condemned-but-reachable source=conservative_only kind=object class=1 payload=none
VERIFY-MINOR condemned-but-reachable source=conservative_only kind=object class=2 payload=none
VERIFY-MINOR 3 of 15340 condemned objects are reachable by a full trace (0 precise, 3 conservative-only)
VERIFY-MINOR condemned-but-reachable source=conservative_only kind=object class=2 payload=none
VERIFY-MINOR 1 of 16005 condemned objects are reachable by a full trace (0 precise, 1 conservative-only)
VERIFY-MINOR condemned-but-reachable source=conservative_only kind=object class=2 payload=none
VERIFY-MINOR 1 of 16002 condemned objects are reachable by a full trace (0 precise, 1 conservative-only)
VERIFY-MINOR condemned-but-reachable source=conservative_only kind=object class=2 payload=none
VERIFY-MINOR condemned-but-reachable source=conservative_only kind=object class=1 payload=none
VERIFY-MINOR condemned-but-reachable source=conservative_only kind=object class=1 payload=none
VERIFY-MINOR 3 of 15400 condemned objects are reachable by a full trace (0 precise, 3 conservative-only)
VERIFY-MINOR condemned-but-reachable source=conservative_only kind=object class=10 payload=object_data
VERIFY-MINOR 1 of 16168 condemned objects are reachable by a full trace (0 precise, 1 conservative-only)
VERIFY-MINOR condemned-but-reachable source=conservative_only kind=object class=1 payload=none
VERIFY-MINOR condemned-but-reachable source=conservative_only kind=object class=2 payload=none
VERIFY-MINOR 2 of 16041 condemned objects are reachable by a full trace (0 precise, 2 conservative-only)
VERIFY-MINOR condemned-but-reachable source=conservative_only kind=object class=10 payload=object_data
VERIFY-MINOR 1 of 16397 condemned objects are reachable by a full trace (0 precise, 1 conservative-only)
VERIFY-MINOR condemned-but-reachable source=conservative_only kind=object class=2 payload=none
VERIFY-MINOR 1 of 15430 condemned objects are reachable by a full trace (0 precise, 1 conservative-only)
VERIFY-MINOR condemned-but-reachable source=conservative_only kind=object class=2 payload=none
VERIFY-MINOR 1 of 16170 condemned objects are reachable by a full trace (0 precise, 1 conservative-only)
VERIFY-MINOR condemned-but-reachable source=conservative_only kind=object class=1 payload=none
VERIFY-MINOR condemned-but-reachable source=conservative_only kind=object class=2 payload=none
VERIFY-MINOR 2 of 15815 condemned objects are reachable by a full trace (0 precise, 2 conservative-only)
VERIFY-MINOR condemned-but-reachable source=conservative_only kind=object class=10 payload=object_data
VERIFY-MINOR 1 of 16171 condemned objects are reachable by a full trace (0 precise, 1 conservative-only)
wall=354.30 rss=26612
