baseline               insn q=      2268809 z=      3781970 r=1.667 cyc q=     1553037 z=     2341662 r=1.508 
b_map                  insn q=    764139766 z=    743833721 r=0.973 cyc q=   109767231 z=   141818156 r=1.292 
c_map                  insn q=    744850876 z=    853924602 r=1.146 cyc q=   114411185 z=   142816566 r=1.248 
b0_map                 insn q=    244113767 z=    305249568 r=1.250 cyc q=    41610741 z=    57138074 r=1.373 
c0_map                 insn q=    177570897 z=    239629422 r=1.349 cyc q=    29490192 z=    46319740 r=1.571 
b_foreach              insn q=    445100678 z=    536163240 r=1.205 cyc q=    61587460 z=   103406662 r=1.679 
c_foreach              insn q=    568475654 z=    613760045 r=1.080 cyc q=    86316122 z=   100471858 r=1.164 
b0_foreach             insn q=     86716104 z=    127967900 r=1.476 cyc q=    15772828 z=    25645178 r=1.626 
c0_foreach             insn q=     35205818 z=     33836449 r=0.961 cyc q=     6911828 z=     7916767 r=1.145 
b_filter_false         insn q=    493955998 z=    586741982 r=1.188 cyc q=    69663900 z=   114519758 r=1.644 
c_filter_false         insn q=    652138264 z=    686059932 r=1.052 cyc q=   102480360 z=   114908639 r=1.121 
b0_filter_false        insn q=    244473168 z=    303342923 r=1.241 cyc q=    41369496 z=    56978508 r=1.377 
c0_filter_false        insn q=     91117918 z=    105447672 r=1.157 cyc q=    15880000 z=    17962982 r=1.131 
b_filter_true          insn q=    807267051 z=    845686706 r=1.048 cyc q=   117830958 z=   150790006 r=1.280 
c_filter_true          insn q=    915927062 z=    999917958 r=1.092 cyc q=   138421660 z=   166305101 r=1.201 
b0_filter_true         insn q=    244929898 z=    303587518 r=1.239 cyc q=    41052946 z=    56568100 r=1.378 
c0_filter_true         insn q=     91125984 z=    105485574 r=1.158 cyc q=    15765534 z=    18164902 r=1.152 
b_reduce               insn q=    473117762 z=    876013426 r=1.852 cyc q=    67405286 z=   163872064 r=2.431 
c_reduce               insn q=    625020174 z=    766346934 r=1.226 cyc q=    95183798 z=   133252844 r=1.400 
b0_reduce              insn q=     87111466 z=    135722402 r=1.558 cyc q=    15698412 z=    26142467 r=1.665 
c0_reduce              insn q=     40121385 z=     38663812 r=0.964 cyc q=     7668660 z=     8575720 r=1.118 
b_some                 insn q=    480389338 z=    567345244 r=1.181 cyc q=    67424242 z=   111456852 r=1.653 
c_some                 insn q=    591039388 z=    626260942 r=1.060 cyc q=    93822336 z=   105482884 r=1.124 
b0_some                insn q=     88506909 z=    129289192 r=1.461 cyc q=    16266720 z=    26025591 r=1.600 
c0_some                insn q=     40153314 z=     38657369 r=0.963 cyc q=     7663531 z=     8429108 r=1.100 
b_every                insn q=    477254129 z=    564476832 r=1.183 cyc q=    66932326 z=   108967014 r=1.628 
c_every                insn q=    612063668 z=    720350927 r=1.177 cyc q=    97501824 z=   128830296 r=1.321 
b0_every               insn q=     87737289 z=    130369767 r=1.486 cyc q=    16236436 z=    26334547 r=1.622 
c0_every               insn q=     40146670 z=     38696690 r=0.964 cyc q=     7627789 z=     8358148 r=1.096 
b_map_native           insn q=    683899136 z=    551841132 r=0.807 cyc q=   101173960 z=    97932274 r=0.968 
c_map_native           insn q=    803968716 z=    977213590 r=1.215 cyc q=   131969269 z=   169969377 r=1.288 
c2_every               insn q=    594016488 z=    629296322 r=1.059 cyc q=    93571944 z=   106693575 r=1.140 
c20_every              insn q=     40142355 z=     38646525 r=0.963 cyc q=     7690890 z=     8570549 r=1.114 
s_loop                 insn q=    210796986 z=    193997254 r=0.920 cyc q=    33151032 z=    32034754 r=0.966 
s0_loop                insn q=     30895124 z=     30042317 r=0.972 cyc q=     6371400 z=     7261068 r=1.140 
n_plain                insn q=    315898262 z=    295017247 r=0.934 cyc q=    52142515 z=    51294636 r=0.984 
n_neg                  insn q=    333863186 z=    386147662 r=1.157 cyc q=    55208446 z=    69951073 r=1.267 
b_map_sum              insn q=   1076270658 z=   1051243250 r=0.977 cyc q=   158610758 z=   191568172 r=1.208 
c_map_sum              insn q=   1056272050 z=   1154147750 r=1.093 cyc q=   163827532 z=   194094304 r=1.185 
b_foreach_thisarg      insn q=    445489502 z=    536513820 r=1.204 cyc q=    61254460 z=   103715818 r=1.693 
verify_map             insn q=      3655326 z=      7044931 r=1.927 cyc q=     1812446 z=     3449420 r=1.903 
verify_foreach         insn q=      3616322 z=      7002111 r=1.936 cyc q=     1853136 z=     3415682 r=1.843 
verify_filter_false    insn q=      3617110 z=      7014405 r=1.939 cyc q=     1895386 z=     3475224 r=1.834 
verify_filter_true     insn q=      3661678 z=      7057373 r=1.927 cyc q=     1893817 z=     3494197 r=1.845 
verify_some            insn q=      3610355 z=      6999970 r=1.939 cyc q=     1908421 z=     3528977 r=1.849 
verify_every           insn q=      3617512 z=      7001098 r=1.935 cyc q=     1943632 z=     3593984 r=1.849 
verify_reduce          insn q=      3657294 z=      7117921 r=1.946 cyc q=     1924238 z=     3477322 r=1.807 
wrote reports/perf/qjs-align/2026-07-30/phase-7/P7-41-builtin-bridge/raw/timing-A2.json
