baseline               insn q=      2273520 z=      3785344 r=1.665 cyc q=     1543270 z=     2338626 r=1.515 
b_map                  insn q=    764212359 z=    743813402 r=0.973 cyc q=   109962684 z=   141861190 r=1.290 
c_map                  insn q=    744869937 z=    853923616 r=1.146 cyc q=   114582561 z=   142726667 r=1.246 
b0_map                 insn q=    244441952 z=    305262000 r=1.249 cyc q=    41608551 z=    57320520 r=1.378 
c0_map                 insn q=    177506202 z=    239681546 r=1.350 cyc q=    29498614 z=    46495209 r=1.576 
b_foreach              insn q=    445116428 z=    536208946 r=1.205 cyc q=    61689642 z=   103700732 r=1.681 
c_foreach              insn q=    568522970 z=    613766217 r=1.080 cyc q=    86541113 z=   100679218 r=1.163 
b0_foreach             insn q=     86755818 z=    127941386 r=1.475 cyc q=    15777946 z=    25597046 r=1.622 
c0_foreach             insn q=     35209922 z=     33834690 r=0.961 cyc q=     6907757 z=     7744521 r=1.121 
b_filter_false         insn q=    493982160 z=    586789641 r=1.188 cyc q=    69910495 z=   114722904 r=1.641 
c_filter_false         insn q=    652170826 z=    686112731 r=1.052 cyc q=   102654548 z=   115486176 r=1.125 
b0_filter_false        insn q=    244443654 z=    303342031 r=1.241 cyc q=    41301385 z=    56547530 r=1.369 
c0_filter_false        insn q=     91079368 z=    105546812 r=1.159 cyc q=    15956183 z=    18107727 r=1.135 
b_filter_true          insn q=    807265706 z=    845726594 r=1.048 cyc q=   117551696 z=   151031330 r=1.285 
c_filter_true          insn q=    915878244 z=    999941054 r=1.092 cyc q=   138648137 z=   166427897 r=1.200 
b0_filter_true         insn q=    244957146 z=    303569684 r=1.239 cyc q=    41146728 z=    56633902 r=1.376 
c0_filter_true         insn q=     91081960 z=    105476286 r=1.158 cyc q=    15909946 z=    18069101 r=1.136 
b_reduce               insn q=    473085478 z=    876042439 r=1.852 cyc q=    67444185 z=   163910186 r=2.430 
c_reduce               insn q=    625032192 z=    766340979 r=1.226 cyc q=    94926345 z=   133139440 r=1.403 
b0_reduce              insn q=     87126522 z=    135768474 r=1.558 cyc q=    15713488 z=    26028417 r=1.656 
c0_reduce              insn q=     40127956 z=     38683714 r=0.964 cyc q=     7689378 z=     8692344 r=1.130 
b_some                 insn q=    480347059 z=    567349582 r=1.181 cyc q=    67292262 z=   111606932 r=1.659 
c_some                 insn q=    591030538 z=    626343222 r=1.060 cyc q=    93731736 z=   105549136 r=1.126 
b0_some                insn q=     88543289 z=    129261814 r=1.460 cyc q=    16283174 z=    25925600 r=1.592 
c0_some                insn q=     40142169 z=     38687265 r=0.964 cyc q=     7613680 z=     8665299 r=1.138 
b_every                insn q=    477267202 z=    564458815 r=1.183 cyc q=    67022330 z=   108797762 r=1.623 
c_every                insn q=    611991702 z=    720428321 r=1.177 cyc q=    97562596 z=   128967804 r=1.322 
b0_every               insn q=     87731570 z=    130451988 r=1.487 cyc q=    16227971 z=    26239395 r=1.617 
c0_every               insn q=     40146975 z=     38694308 r=0.964 cyc q=     7681622 z=     8762714 r=1.141 
b_map_native           insn q=    683891330 z=    551850890 r=0.807 cyc q=   101426912 z=    97852504 r=0.965 
c_map_native           insn q=    803972740 z=    977199235 r=1.215 cyc q=   131619672 z=   170677347 r=1.297 
c2_every               insn q=    594026830 z=    629308517 r=1.059 cyc q=    93636392 z=   106502500 r=1.137 
c20_every              insn q=     40146502 z=     38651763 r=0.963 cyc q=     7689678 z=     8484292 r=1.103 
s_loop                 insn q=    210819664 z=    194013684 r=0.920 cyc q=    33029814 z=    31756198 r=0.961 
s0_loop                insn q=     30901239 z=     30062194 r=0.973 cyc q=     6258828 z=     7233192 r=1.156 
n_plain                insn q=    315853928 z=    295093496 r=0.934 cyc q=    52038518 z=    51750685 r=0.994 
n_neg                  insn q=    333884716 z=    386097966 r=1.156 cyc q=    55094538 z=    69425226 r=1.260 
b_map_sum              insn q=   1076263360 z=   1051282605 r=0.977 cyc q=   158690241 z=   191948770 r=1.210 
c_map_sum              insn q=   1056378320 z=   1154146065 r=1.093 cyc q=   164158166 z=   199191012 r=1.213 
b_foreach_thisarg      insn q=    445465167 z=    536559828 r=1.204 cyc q=    61626301 z=   103906998 r=1.686 
verify_map             insn q=      3661428 z=      7045436 r=1.924 cyc q=     1917998 z=     3416203 r=1.781 
verify_foreach         insn q=      3619338 z=      7020046 r=1.940 cyc q=     1940002 z=     3521554 r=1.815 
verify_filter_false    insn q=      3623389 z=      7037559 r=1.942 cyc q=     1949976 z=     3543832 r=1.817 
verify_filter_true     insn q=      3664340 z=      7068936 r=1.929 cyc q=     1931884 z=     3540366 r=1.833 
verify_some            insn q=      3618548 z=      7015974 r=1.939 cyc q=     1938864 z=     3560322 r=1.836 
verify_every           insn q=      3614122 z=      7011418 r=1.940 cyc q=     1942698 z=     3520530 r=1.812 
verify_reduce          insn q=      3659384 z=      7132786 r=1.949 cyc q=     1912216 z=     3503378 r=1.832 
wrote reports/perf/qjs-align/2026-07-30/phase-7/P7-41-builtin-bridge/raw/timing-A3.json
